﻿
> carry-go@0.0.0 build
> vite build

[36mvite v5.4.19 [32mbuilding for production...[36m[39m
transforming...
node.exe : Browserslist: 
browsers data (caniuse-lite) 
is 9 months old. Please run:
At line:1 char:1
+ & "C:\Program 
Files\nodejs/node.exe" 
"C:\Program 
Files\nodejs/node_mo ...
+ ~~~~~~~~~~~~~~~~~~~~~~~~~~~
~~~~~~~~~~~~~~~~~~~~~~~~~~~~~
~~~~~~~~~~~~~
    + CategoryInfo           
   : NotSpecified: (Browser  
  slist: b...ld. Please ru   
 n::String) [], RemoteExc    
eption
    + FullyQualifiedErrorId  
   : NativeCommandError
 
  npx 
update-browserslist-db@latest
  Why you should do it 
regularly: https://github.com
/browserslist/update-db#readm
e
[32mΓ£ô[39m 83 modules transformed.
[31mx[39m Build failed in 
1.29s
[31merror during build:
[31m[vite]: Rollup failed 
to resolve import "axios" 
from "C:/Users/Vaishnavi Vedu
rupaka/carry-go-project/src/l
ib/api.ts".
This is most likely 
unintended because it can 
break your application at 
runtime.
If you do want to 
externalize this module 
explicitly add it to
`build.rollupOptions.external
`[31m
    at viteWarn (file:///C:/U
sers/Vaishnavi%20Vedurupaka/c
arry-go-project/node_modules/
vite/dist/node/chunks/dep-C6u
TJdX2.js:65839:17)
    at onwarn (file:///C:/Use
rs/Vaishnavi%20Vedurupaka/car
ry-go-project/node_modules/@v
itejs/plugin-react-swc/index.
js:90:7)
    at onRollupWarning (file:
///C:/Users/Vaishnavi%20Vedur
upaka/carry-go-project/node_m
odules/vite/dist/node/chunks/
dep-C6uTJdX2.js:65869:5)
    at onwarn (file:///C:/Use
rs/Vaishnavi%20Vedurupaka/car
ry-go-project/node_modules/vi
te/dist/node/chunks/dep-C6uTJ
dX2.js:65534:7)
    at file:///C:/Users/Vaish
navi%20Vedurupaka/carry-go-pr
oject/node_modules/rollup/dis
t/es/shared/node-entry.js:193
93:13
    at Object.logger [as 
onLog] (file:///C:/Users/Vais
hnavi%20Vedurupaka/carry-go-p
roject/node_modules/rollup/di
st/es/shared/node-entry.js:21
119:9)
    at ModuleLoader.handleInv
alidResolvedId (file:///C:/Us
ers/Vaishnavi%20Vedurupaka/ca
rry-go-project/node_modules/r
ollup/dist/es/shared/node-ent
ry.js:20008:26)
    at file:///C:/Users/Vaish
navi%20Vedurupaka/carry-go-pr
oject/node_modules/rollup/dis
t/es/shared/node-entry.js:199
66:26[39m
